13.66.139.0 - - [03/Nov/2020:00:05:18 +0100] "GET /wp-content/uploads/2020/05/MG_3586-scaled.jpg HTTP/1.1" 200 403544 almernaluxury.de "-" "Mozilla/5.0 (compatible; bingbot/2.0; +http://www.bing.com/bingbot.htm)" "-"
66.249.66.0 - - [03/Nov/2020:00:09:53 +0100] "GET /ru/korzina/ HTTP/1.1" 200 105396 almernaluxury.de "-" "Mozilla/5.0 (compatible; Googlebot/2.1; +http://www.google.com/bot.html)" "-"
82.165.87.0 - - [03/Nov/2020:00:09:54 +0100] "POST /wp-cron.php?doing_wp_cron=1604358594.5436758995056152343750 HTTP/1.1" 200 - almernaluxury.de "https://almernaluxury.de/wp-cron.php?doing_wp_cron=1604358594.5436758995056152343750" "WordPress/5.5.3; https://almernaluxury.de/ru/" "-"
66.249.66.0 - - [03/Nov/2020:00:10:20 +0100] "GET /wp-content/plugins/woocommerce-advanced-gift/css/frontend/grid/grid.css?ver=5.5.3 HTTP/1.1" 200 3187 almernaluxury.de "https://almernaluxury.de/ru/korzina/" "Mozilla/5.0 AppleWebKit/537.36 (KHTML, like Gecko; compatible; Googlebot/2.1; +http://www.google.com/bot.html) Chrome/85.0.4183.140 Safari/537.36" "-"
66.249.66.0 - - [03/Nov/2020:00:10:21 +0100] "GET /wp-content/plugins/woo-paypalplus/public/css/front.min.css?ver=1591682573 HTTP/1.1" 200 162 almernaluxury.de "https://almernaluxury.de/ru/korzina/" "Mozilla/5.0 AppleWebKit/537.36 (KHTML, like Gecko; compatible; Googlebot/2.1; +http://www.google.com/bot.html) Chrome/85.0.4183.140 Safari/537.36" "-"
66.249.66.0 - - [03/Nov/2020:00:10:24 +0100] "GET /wp-content/plugins/woocommerce-multilingual/res/js/wcml-multi-currency.min.js?ver=4.9.1 HTTP/1.1" 200 811 almernaluxury.de "https://almernaluxury.de/ru/korzina/" "Mozilla/5.0 AppleWebKit/537.36 (KHTML, like Gecko; compatible; Googlebot/2.1; +http://www.google.com/bot.html) Chrome/85.0.4183.140 Safari/537.36" "-"
66.249.66.0 - - [03/Nov/2020:00:10:25 +0100] "GET /wp-content/plugins/woocommerce/assets/js/frontend/cart.min.js?ver=4.3.2 HTTP/1.1" 200 2186 almernaluxury.de "https://almernaluxury.de/ru/korzina/" "Mozilla/5.0 AppleWebKit/537.36 (KHTML, like Gecko; compatible; Googlebot/2.1; +http://www.google.com/bot.html) Chrome/85.0.4183.140 Safari/537.36" "-"
66.249.66.0 - - [03/Nov/2020:00:10:26 +0100] "GET /wp-content/plugins/contact-form-7/includes/js/scripts.js?ver=5.2.1 HTTP/1.1" 200 4600 almernaluxury.de "https://almernaluxury.de/ru/korzina/" "Mozilla/5.0 AppleWebKit/537.36 (KHTML, like Gecko; compatible; Googlebot/2.1; +http://www.google.com/bot.html) Chrome/85.0.4183.140 Safari/537.36" "-"
66.249.66.0 - - [03/Nov/2020:00:10:27 +0100] "GET /wp-includes/js/wp-embed.min.js?ver=5.5.3 HTTP/1.1" 200 784 almernaluxury.de "https://almernaluxury.de/ru/korzina/" "Mozilla/5.0 AppleWebKit/537.36 (KHTML, like Gecko; compatible; Googlebot/2.1; +http://www.google.com/bot.html) Chrome/85.0.4183.140 Safari/537.36" "-"
66.249.66.0 - - [03/Nov/2020:00:10:27 +0100] "GET /wp-content/plugins/yith-woocommerce-wishlist/assets/js/jquery.selectBox.min.js?ver=1.2.0 HTTP/1.1" 200 4656 almernaluxury.de "https://almernaluxury.de/ru/korzina/" "Mozilla/5.0 AppleWebKit/537.36 (KHTML, like Gecko; compatible; Googlebot/2.1; +http://www.google.com/bot.html) Chrome/85.0.4183.140 Safari/537.36" "-"
66.249.66.0 - - [03/Nov/2020:00:10:28 +0100] "GET /wp-content/plugins/woocommerce/assets/js/frontend/address-i18n.min.js?ver=4.3.2 HTTP/1.1" 200 952 almernaluxury.de "https://almernaluxury.de/ru/korzina/" "Mozilla/5.0 AppleWebKit/537.36 (KHTML, like Gecko; compatible; Googlebot/2.1; +http://www.google.com/bot.html) Chrome/85.0.4183.140 Safari/537.36" "-"
66.249.66.0 - - [03/Nov/2020:00:10:28 +0100] "GET /wp-content/plugins/woocommerce/assets/js/jquery-blockui/jquery.blockUI.min.js?ver=2.70 HTTP/1.1" 200 3817 almernaluxury.de "https://almernaluxury.de/ru/korzina/" "Mozilla/5.0 AppleWebKit/537.36 (KHTML, like Gecko; compatible; Googlebot/2.1; +http://www.google.com/bot.html) Chrome/85.0.4183.140 Safari/537.36" "-"
66.249.66.0 - - [03/Nov/2020:00:10:28 +0100] "GET /wp-content/plugins/yith-woocommerce-wishlist/assets/js/jquery.yith-wcwl.js?ver=3.0.11 HTTP/1.1" 200 7265 almernaluxury.de "https://almernaluxury.de/ru/korzina/" "Mozilla/5.0 AppleWebKit/537.36 (KHTML, like Gecko; compatible; Googlebot/2.1; +http://www.google.com/bot.html) Chrome/85.0.4183.140 Safari/537.36" "-"
66.249.66.0 - - [03/Nov/2020:00:10:28 +0100] "GET /wp-includes/js/underscore.min.js?ver=1.8.3 HTTP/1.1" 200 6446 almernaluxury.de "https://almernaluxury.de/ru/korzina/" "Mozilla/5.0 AppleWebKit/537.36 (KHTML, like Gecko; compatible; Googlebot/2.1; +http://www.google.com/bot.html) Chrome/85.0.4183.140 Safari/537.36" "-"
66.249.66.0 - - [03/Nov/2020:00:10:29 +0100] "GET /wp-content/plugins/woocommerce-multilingual/res/js/front-scripts.min.js?ver=4.9.1 HTTP/1.1" 200 226 almernaluxury.de "https://almernaluxury.de/ru/korzina/" "Mozilla/5.0 AppleWebKit/537.36 (KHTML, like Gecko; compatible; Googlebot/2.1; +http://www.google.com/bot.html) Chrome/85.0.4183.140 Safari/537.36" "-"
66.249.66.0 - - [03/Nov/2020:00:10:30 +0100] "GET /wp-content/plugins/product-gtin-ean-upc-isbn-for-woocommerce/assets/js/product-gtin-wc-frontend.min.js?ver=1.0.9 HTTP/1.1" 200 313 almernaluxury.de "https://almernaluxury.de/ru/korzina/" "Mozilla/5.0 AppleWebKit/537.36 (KHTML, like Gecko; compatible; Googlebot/2.1; +http://www.google.com/bot.html) Chrome/85.0.4183.140 Safari/537.36" "-"
66.249.66.0 - - [03/Nov/2020:00:10:30 +0100] "GET /wp-content/plugins/woocommerce-multilingual/res/js/cart_widget.min.js?ver=4.9.1 HTTP/1.1" 200 230 almernaluxury.de "https://almernaluxury.de/ru/korzina/" "Mozilla/5.0 AppleWebKit/537.36 (KHTML, like Gecko; compatible; Googlebot/2.1; +http://www.google.com/bot.html) Chrome/85.0.4183.140 Safari/537.36" "-"
66.249.66.0 - - [03/Nov/2020:00:10:31 +0100] "GET /wp-includes/js/hoverIntent.min.js?ver=1.8.1 HTTP/1.1" 200 496 almernaluxury.de "https://almernaluxury.de/ru/korzina/" "Mozilla/5.0 AppleWebKit/537.36 (KHTML, like Gecko; compatible; Googlebot/2.1; +http://www.google.com/bot.html) Chrome/85.0.4183.140 Safari/537.36" "-"
66.249.66.0 - - [03/Nov/2020:00:10:31 +0100] "GET /wp-content/themes/flatsome/inc/integrations/wc-yith-wishlist/wishlist.js?ver=3.10.2 HTTP/1.1" 200 692 almernaluxury.de "https://almernaluxury.de/ru/korzina/" "Mozilla/5.0 AppleWebKit/537.36 (KHTML, like Gecko; compatible; Googlebot/2.1; +http://www.google.com/bot.html) Chrome/85.0.4183.140 Safari/537.36" "-"
185.191.171.0 - - [03/Nov/2020:00:10:31 +0100] "GET /robots.txt HTTP/1.1" 200 67 almernaluxury.de "-" "Mozilla/5.0 (compatible; SemrushBot/6~bl; +http://www.semrush.com/bot.html)" "-"
66.249.66.0 - - [03/Nov/2020:00:10:32 +0100] "GET /wp-content/themes/flatsome/inc/extensions/flatsome-live-search/flatsome-live-search.js?ver=3.12.2 HTTP/1.1" 200 5777 almernaluxury.de "https://almernaluxury.de/ru/korzina/" "Mozilla/5.0 AppleWebKit/537.36 (KHTML, like Gecko; compatible; Googlebot/2.1; +http://www.google.com/bot.html) Chrome/85.0.4183.140 Safari/537.36" "-"
66.249.66.0 - - [03/Nov/2020:00:10:32 +0100] "GET /wp-content/plugins/woocommerce/assets/js/frontend/cart-fragments.min.js?ver=4.3.2 HTTP/1.1" 200 1106 almernaluxury.de "https://almernaluxury.de/ru/korzina/" "Mozilla/5.0 AppleWebKit/537.36 (KHTML, like Gecko; compatible; Googlebot/2.1; +http://www.google.com/bot.html) Chrome/85.0.4183.140 Safari/537.36" "-"
82.165.87.0 - - [03/Nov/2020:00:10:33 +0100] "POST /wp-cron.php?doing_wp_cron=1604358633.0580909252166748046875 HTTP/1.1" 200 - almernaluxury.de "https://almernaluxury.de/wp-cron.php?doing_wp_cron=1604358633.0580909252166748046875" "WordPress/5.5.3; https://almernaluxury.de" "-"
185.191.171.0 - - [03/Nov/2020:00:10:35 +0100] "GET /ru/produkt/valens-%D0%B1%D1%8E%D1%81%D1%82%D0%B3%D0%B0%D0%BB%D1%8C%D1%82%D0%B5%D1%80-%D0%BF%D0%BB%D0%BE%D1%82%D0%BD%D0%B0%D1%8F-%D1%87%D0%B0%D1%88%D0%BA%D0%B0-%D0%BA%D1%80%D0%B5%D0%BC%D0%BE%D0%B2%D0%BE-%D1%87/ HTTP/1.1" 301 - almernaluxury.de "-" "Mozilla/5.0 (compatible; SemrushBot/6~bl; +http://www.semrush.com/bot.html)" "-"
66.249.66.0 - - [03/Nov/2020:00:10:36 +0100] "POST /ru/?wc-ajax=get_refreshed_fragments HTTP/1.1" 200 548 almernaluxury.de "https://almernaluxury.de/ru/korzina/" "Mozilla/5.0 AppleWebKit/537.36 (KHTML, like Gecko; compatible; Googlebot/2.1; +http://www.google.com/bot.html) Chrome/85.0.4183.140 Safari/537.36" "-"
185.191.171.0 - - [03/Nov/2020:00:10:38 +0100] "GET /ru/produkt/valens-byustgalter-plotnaya-chashka-kremovo-chernyj/ HTTP/1.1" 200 163195 almernaluxury.de "-" "Mozilla/5.0 (compatible; SemrushBot/6~bl; +http://www.semrush.com/bot.html)" "-"
82.165.87.0 - - [03/Nov/2020:00:10:39 +0100] "POST /wp-cron.php?doing_wp_cron=1604358639.5246949195861816406250 HTTP/1.1" 200 - almernaluxury.de "https://almernaluxury.de/wp-cron.php?doing_wp_cron=1604358639.5246949195861816406250" "WordPress/5.5.3; https://almernaluxury.de/ru/" "-"
66.249.66.0 - - [03/Nov/2020:00:13:34 +0100] "GET /produkt/slip-lace-dream/ HTTP/1.1" 200 159170 almernaluxury.de "-" "Mozilla/5.0 (Linux; Android 6.0.1; Nexus 5X Build/MMB29P) AppleWebKit/537.36 (KHTML, like Gecko) Chrome/86.0.4240.96 Mobile Safari/537.36 (compatible; Googlebot/2.1; +http://www.google.com/bot.html)" "-"
82.165.87.0 - - [03/Nov/2020:00:13:36 +0100] "POST /wp-cron.php?doing_wp_cron=1604358816.1498770713806152343750 HTTP/1.1" 200 - almernaluxury.de "https://almernaluxury.de/wp-cron.php?doing_wp_cron=1604358816.1498770713806152343750" "WordPress/5.5.3; https://almernaluxury.de" "-"
207.46.13.0 - - [03/Nov/2020:00:15:59 +0100] "GET /robots.txt HTTP/1.1" 200 67 almernaluxury.de "-" "Mozilla/5.0 (compatible; bingbot/2.0; +http://www.bing.com/bingbot.htm)" "-"
82.165.87.0 - - [03/Nov/2020:00:16:00 +0100] "POST /wp-cron.php?doing_wp_cron=1604358960.5129370689392089843750 HTTP/1.1" 200 - almernaluxury.de "https://almernaluxury.de/wp-cron.php?doing_wp_cron=1604358960.5129370689392089843750" "WordPress/5.5.3; https://almernaluxury.de" "-"
13.66.139.0 - - [03/Nov/2020:00:17:38 +0100] "GET /shop/page/3?paged=3&post_type=product&add_to_wishlist=2517 HTTP/1.1" 301 - almernaluxury.de "-" "Mozilla/5.0 (compatible; bingbot/2.0; +http://www.bing.com/bingbot.htm)" "-"
82.165.87.0 - - [03/Nov/2020:00:17:39 +0100] "POST /wp-cron.php?doing_wp_cron=1604359059.4270520210266113281250 HTTP/1.1" 200 - almernaluxury.de "https://almernaluxury.de/wp-cron.php?doing_wp_cron=1604359059.4270520210266113281250" "WordPress/5.5.3; https://almernaluxury.de" "-"
54.36.149.0 - - [03/Nov/2020:00:18:20 +0100] "GET /ru/magazin/page/3/ HTTP/1.1" 200 178088 almernaluxury.de "-" "Mozilla/5.0 (compatible; AhrefsBot/7.0; +http://ahrefs.com/robot/)" "-"
82.165.87.0 - - [03/Nov/2020:00:18:21 +0100] "POST /wp-cron.php?doing_wp_cron=1604359101.6578800678253173828125 HTTP/1.1" 200 - almernaluxury.de "https://almernaluxury.de/wp-cron.php?doing_wp_cron=1604359101.6578800678253173828125" "WordPress/5.5.3; https://almernaluxury.de/ru/" "-"
207.46.13.0 - - [03/Nov/2020:00:24:17 +0100] "GET /robots.txt HTTP/1.1" 301 - almernaluxury.de "-" "Mozilla/5.0 (compatible; bingbot/2.0; +http://www.bing.com/bingbot.htm)" "-"
207.46.13.0 - - [03/Nov/2020:00:24:19 +0100] "GET /robots.txt HTTP/1.1" 200 67 almernaluxury.de "-" "Mozilla/5.0 (compatible; bingbot/2.0; +http://www.bing.com/bingbot.htm)" "-"
82.165.87.0 - - [03/Nov/2020:00:24:20 +0100] "POST /wp-cron.php?doing_wp_cron=1604359460.3956809043884277343750 HTTP/1.1" 200 - almernaluxury.de "https://almernaluxury.de/wp-cron.php?doing_wp_cron=1604359460.3956809043884277343750" "WordPress/5.5.3; https://almernaluxury.de" "-"
207.46.13.0 - - [03/Nov/2020:00:24:22 +0100] "GET /wp-content/cache/autoptimize/css/autoptimize_99383eba42a7221e28f99d84cf41ebc6.css HTTP/1.1" 200 103494 almernaluxury.de "-" "Mozilla/5.0 (compatible; bingbot/2.0; +http://www.bing.com/bingbot.htm)" "-"
207.46.13.0 - - [03/Nov/2020:00:24:26 +0100] "GET /wp-content/plugins/sitepress-multilingual-cms/res/flags/ru.png HTTP/1.1" 200 241 almernaluxury.de "-" "Mozilla/5.0 (compatible; bingbot/2.0; +http://www.bing.com/bingbot.htm)" "-"
207.46.13.0 - - [03/Nov/2020:00:24:31 +0100] "GET /wp-includes/js/jquery/jquery.js?ver=1.12.4-wp HTTP/1.1" 200 39460 almernaluxury.de "-" "Mozilla/5.0 (compatible; bingbot/2.0; +http://www.bing.com/bingbot.htm)" "-"
207.46.13.0 - - [03/Nov/2020:00:24:32 +0100] "GET /shop/page/4/?post_type=product&add_to_wishlist=1692 HTTP/1.1" 200 169170 almernaluxury.de "-" "Mozilla/5.0 (compatible; bingbot/2.0; +http://www.bing.com/bingbot.htm)" "-"
82.165.87.0 - - [03/Nov/2020:00:24:34 +0100] "POST /wp-cron.php?doing_wp_cron=1604359474.0458290576934814453125 HTTP/1.1" 200 - almernaluxury.de "https://almernaluxury.de/wp-cron.php?doing_wp_cron=1604359474.0458290576934814453125" "WordPress/5.5.3; https://almernaluxury.de" "-"
66.249.66.0 - - [03/Nov/2020:00:31:12 +0100] "GET /ru/kontakt/ HTTP/1.1" 200 68656 almernaluxury.de "-" "Mozilla/5.0 (compatible; Googlebot/2.1; +http://www.google.com/bot.html)" "-"
82.165.87.0 - - [03/Nov/2020:00:31:14 +0100] "POST /wp-cron.php?doing_wp_cron=1604359874.2028160095214843750000 HTTP/1.1" 200 - almernaluxury.de "https://almernaluxury.de/wp-cron.php?doing_wp_cron=1604359874.2028160095214843750000" "WordPress/5.5.3; https://almernaluxury.de/ru/" "-"
66.249.66.0 - - [03/Nov/2020:00:31:31 +0100] "GET /wp-content/cache/autoptimize/css/autoptimize_79d5f1981a9cdff6541b749d0dee0e0d.css HTTP/1.1" 200 104257 almernaluxury.de "https://almernaluxury.de/ru/kontakt/" "Mozilla/5.0 AppleWebKit/537.36 (KHTML, like Gecko; compatible; Googlebot/2.1; +http://www.google.com/bot.html) Chrome/85.0.4183.140 Safari/537.36" "-"
66.249.66.0 - - [03/Nov/2020:00:31:37 +0100] "POST /ru/?wc-ajax=get_refreshed_fragments HTTP/1.1" 200 548 almernaluxury.de "https://almernaluxury.de/ru/kontakt/" "Mozilla/5.0 AppleWebKit/537.36 (KHTML, like Gecko; compatible; Googlebot/2.1; +http://www.google.com/bot.html) Chrome/85.0.4183.140 Safari/537.36" "-"
82.165.87.0 - - [03/Nov/2020:00:31:38 +0100] "POST /wp-cron.php?doing_wp_cron=1604359898.8256740570068359375000 HTTP/1.1" 200 - almernaluxury.de "https://almernaluxury.de/wp-cron.php?doing_wp_cron=1604359898.8256740570068359375000" "WordPress/5.5.3; https://almernaluxury.de/ru/" "-"
185.191.171.0 - - [03/Nov/2020:01:08:57 +0100] "GET /ru/produkt-kategorie/trusiki-slipy/page/1/ HTTP/1.1" 301 - almernaluxury.de "-" "Mozilla/5.0 (compatible; SemrushBot/6~bl; +http://www.semrush.com/bot.html)" "-"
82.165.87.0 - - [03/Nov/2020:01:08:59 +0100] "POST /wp-cron.php?doing_wp_cron=1604362139.0310530662536621093750 HTTP/1.1" 200 - almernaluxury.de "https://almernaluxury.de/wp-cron.php?doing_wp_cron=1604362139.0310530662536621093750" "WordPress/5.5.3; https://almernaluxury.de/ru/" "-"
185.191.171.0 - - [03/Nov/2020:01:09:02 +0100] "GET /ru/produkt-kategorie/trusiki-slipy/ HTTP/1.1" 200 192870 almernaluxury.de "-" "Mozilla/5.0 (compatible; SemrushBot/6~bl; +http://www.semrush.com/bot.html)" "-"
66.249.66.0 - - [03/Nov/2020:01:19:26 +0100] "GET /produkt/damen-kimono-mit-italienischer-spitze-ornella/ HTTP/1.1" 200 154347 almernaluxury.de "-" "Mozilla/5.0 (Linux; Android 6.0.1; Nexus 5X Build/MMB29P) AppleWebKit/537.36 (KHTML, like Gecko) Chrome/86.0.4240.96 Mobile Safari/537.36 (compatible; Googlebot/2.1; +http://www.google.com/bot.html)" "-"
82.165.87.0 - - [03/Nov/2020:01:19:29 +0100] "POST /wp-cron.php?doing_wp_cron=1604362769.5587210655212402343750 HTTP/1.1" 200 - almernaluxury.de "https://almernaluxury.de/wp-cron.php?doing_wp_cron=1604362769.5587210655212402343750" "WordPress/5.5.3; https://almernaluxury.de" "-"
66.249.66.0 - - [03/Nov/2020:01:19:46 +0100] "GET /wp-content/cache/autoptimize/css/autoptimize_eb32667c872d3c5a05c433eaaed17e73.css HTTP/1.1" 200 103497 almernaluxury.de "https://almernaluxury.de/produkt/damen-kimono-mit-italienischer-spitze-ornella/" "Mozilla/5.0 (Linux; Android 6.0.1; Nexus 5X Build/MMB29P) AppleWebKit/537.36 (KHTML, like Gecko) Chrome/85.0.4183.140 Mobile Safari/537.36 (compatible; Googlebot/2.1; +http://www.google.com/bot.html)" "-"
66.249.66.0 - - [03/Nov/2020:01:19:52 +0100] "POST /?wc-ajax=get_refreshed_fragments HTTP/1.1" 200 519 almernaluxury.de "https://almernaluxury.de/produkt/damen-kimono-mit-italienischer-spitze-ornella/" "Mozilla/5.0 (Linux; Android 6.0.1; Nexus 5X Build/MMB29P) AppleWebKit/537.36 (KHTML, like Gecko) Chrome/85.0.4183.140 Mobile Safari/537.36 (compatible; Googlebot/2.1; +http://www.google.com/bot.html)" "-"
82.165.87.0 - - [03/Nov/2020:01:19:54 +0100] "POST /wp-cron.php?doing_wp_cron=1604362794.2046849727630615234375 HTTP/1.1" 200 - almernaluxury.de "https://almernaluxury.de/wp-cron.php?doing_wp_cron=1604362794.2046849727630615234375" "WordPress/5.5.3; https://almernaluxury.de" "-"
207.46.13.0 - - [03/Nov/2020:01:26:44 +0100] "GET /wp-content/cache/autoptimize/js/autoptimize_210fee40acd841742b14a0ce01aa537b.js HTTP/1.1" 200 291319 almernaluxury.de "-" "Mozilla/5.0 (compatible; bingbot/2.0; +http://www.bing.com/bingbot.htm)" "-"
207.46.13.0 - - [03/Nov/2020:01:28:00 +0100] "GET /wp-includes/js/jquery/jquery.js?ver=1.12.4-wp HTTP/1.1" 200 39460 almernaluxury.de "-" "Mozilla/5.0 (compatible; bingbot/2.0; +http://www.bing.com/bingbot.htm)" "-"
207.46.13.0 - - [03/Nov/2020:01:28:02 +0100] "GET /ru/produkt/bodi-yvonne-v-chernom-czvete/ HTTP/1.1" 404 59543 almernaluxury.de "-" "Mozilla/5.0 (compatible; bingbot/2.0; +http://www.bing.com/bingbot.htm)" "-"
82.165.87.0 - - [03/Nov/2020:01:28:05 +0100] "POST /wp-cron.php?doing_wp_cron=1604363285.6348280906677246093750 HTTP/1.1" 200 - almernaluxury.de "https://almernaluxury.de/wp-cron.php?doing_wp_cron=1604363285.6348280906677246093750" "WordPress/5.5.3; https://almernaluxury.de/ru/" "-"
157.55.39.0 - - [03/Nov/2020:01:28:19 +0100] "GET /shop/?filter_groesse=s&filter_farbe=raspberry HTTP/1.1" 200 71727 almernaluxury.de "-" "Mozilla/5.0 (compatible; bingbot/2.0; +http://www.bing.com/bingbot.htm)" "-"
157.55.39.0 - - [03/Nov/2020:01:29:18 +0100] "GET /wp-content/uploads/2020/04/Bildschirmfoto-2020-03-06-um-10.58.33-100x100.png.webp HTTP/1.1" 200 11576 almernaluxury.de "-" "Mozilla/5.0 (compatible; bingbot/2.0; +http://www.bing.com/bingbot.htm)" "-"
157.55.39.0 - - [03/Nov/2020:01:32:49 +0100] "GET /wp-content/uploads/2020/04/slips-1-100x100.jpg.webp HTTP/1.1" 200 2176 almernaluxury.de "-" "Mozilla/5.0 (compatible; bingbot/2.0; +http://www.bing.com/bingbot.htm)" "-"
148.251.120.0 - - [03/Nov/2020:01:53:41 +0100] "GET /robots.txt HTTP/1.1" 200 67 almernaluxury.de "-" "Mozilla/5.0 (compatible; MJ12bot/v1.4.8; http://mj12bot.com/)" "-"
82.165.87.0 - - [03/Nov/2020:01:53:45 +0100] "POST /wp-cron.php?doing_wp_cron=1604364825.3302149772644042968750 HTTP/1.1" 200 - almernaluxury.de "https://almernaluxury.de/wp-cron.php?doing_wp_cron=1604364825.3302149772644042968750" "WordPress/5.5.3; https://almernaluxury.de" "-"
148.251.120.0 - - [03/Nov/2020:01:53:52 +0100] "GET /ru/produkt/%D0%B6%D0%B5%D0%BD%D1%81%D0%BA%D0%B8%D0%B9-%D0%BF%D0%B8%D0%B6%D0%B0%D0%BC%D0%BD%D1%8B%D0%B9-%D0%BA%D0%BE%D0%BC%D0%BF%D0%BB%D0%B5%D0%BA%D1%82-elisa/feed/ HTTP/1.1" 200 1400 almernaluxury.de "-" "Mozilla/5.0 (compatible; MJ12bot/v1.4.8; http://mj12bot.com/)" "-"
148.251.120.0 - - [03/Nov/2020:01:53:58 +0100] "GET /ru/produkt/%D0%BF%D0%B8%D0%B6%D0%B0%D0%BC%D0%BD%D1%8B%D0%B9-%D0%BA%D0%BE%D0%BC%D0%BF%D0%BB%D0%B5%D0%BA%D1%82-luxury/feed/ HTTP/1.1" 200 1232 almernaluxury.de "-" "Mozilla/5.0 (compatible; MJ12bot/v1.4.8; http://mj12bot.com/)" "-"
2a03:2880:2700:: - - [03/Nov/2020:01:54:02 +0100] "GET /wp-content/uploads/2020/06/kategory_bhs.jpg HTTP/1.1" 200 203262 almernaluxury.de "-" "facebookexternalhit/1.1 (+http://www.facebook.com/externalhit_uatext.php)" "-"
148.251.120.0 - - [03/Nov/2020:01:54:04 +0100] "GET /ru/produkt/%D0%B6%D0%B5%D0%BD%D1%81%D0%BA%D0%B8%D0%B9-%D0%BF%D0%B8%D0%B6%D0%B0%D0%BC%D0%BD%D1%8B%D0%B9-%D0%BA%D0%BE%D0%BC%D0%BF%D0%BB%D0%B5%D0%BA%D1%82-elisa/ HTTP/1.1" 200 181735 almernaluxury.de "-" "Mozilla/5.0 (compatible; MJ12bot/v1.4.8; http://mj12bot.com/)" "-"
148.251.120.0 - - [03/Nov/2020:01:54:12 +0100] "GET /ru/produkt/%D0%BF%D0%B8%D0%B6%D0%B0%D0%BC%D0%BD%D1%8B%D0%B9-%D0%BA%D0%BE%D0%BC%D0%BF%D0%BB%D0%B5%D0%BA%D1%82-luxury/ HTTP/1.1" 200 172723 almernaluxury.de "-" "Mozilla/5.0 (compatible; MJ12bot/v1.4.8; http://mj12bot.com/)" "-"
157.55.39.0 - - [03/Nov/2020:02:15:27 +0100] "GET /ru/produkt/queen-20-modell-1/?page&product=queen-20-modell-1&post_type=product&add_to_wishlist=2924 HTTP/1.1" 200 145883 almernaluxury.de "-" "Mozilla/5.0 (compatible; bingbot/2.0; +http://www.bing.com/bingbot.htm)" "-"
82.165.87.0 - - [03/Nov/2020:02:15:28 +0100] "POST /wp-cron.php?doing_wp_cron=1604366128.2476639747619628906250 HTTP/1.1" 200 - almernaluxury.de "https://almernaluxury.de/wp-cron.php?doing_wp_cron=1604366128.2476639747619628906250" "WordPress/5.5.3; https://almernaluxury.de/ru/" "-"
2a03:2880:3000:: - - [03/Nov/2020:02:16:42 +0100] "GET /produkt/kimono-mit-italienischer-spitze-ornella/ HTTP/1.1" 301 - almernaluxury.de "-" "facebookexternalhit/1.1 (+http://www.facebook.com/externalhit_uatext.php)" "-"
82.165.87.0 - - [03/Nov/2020:02:16:43 +0100] "POST /wp-cron.php?doing_wp_cron=1604366203.4070820808410644531250 HTTP/1.1" 200 - almernaluxury.de "https://almernaluxury.de/wp-cron.php?doing_wp_cron=1604366203.4070820808410644531250" "WordPress/5.5.3; https://almernaluxury.de" "-"
2a03:2880:3000:: - - [03/Nov/2020:02:16:44 +0100] "GET /produkt/damen-kimono-mit-italienischer-spitze-ornella/ HTTP/1.1" 200 153514 almernaluxury.de "-" "facebookexternalhit/1.1 (+http://www.facebook.com/externalhit_uatext.php)" "-"
82.165.87.0 - - [03/Nov/2020:02:16:45 +0100] "POST /wp-cron.php?doing_wp_cron=1604366205.5896708965301513671875 HTTP/1.1" 200 - almernaluxury.de "https://almernaluxury.de/wp-cron.php?doing_wp_cron=1604366205.5896708965301513671875" "WordPress/5.5.3; https://almernaluxury.de" "-"
2a03:2880:3000:: - - [03/Nov/2020:02:18:16 +0100] "GET /produkt/damen-kimono-mit-italienischer-spitze-ornella/ HTTP/1.1" 200 154446 almernaluxury.de "-" "facebookexternalhit/1.1 (+http://www.facebook.com/externalhit_uatext.php)" "-"
82.165.87.0 - - [03/Nov/2020:02:18:17 +0100] "POST /wp-cron.php?doing_wp_cron=1604366297.5825750827789306640625 HTTP/1.1" 200 - almernaluxury.de "https://almernaluxury.de/wp-cron.php?doing_wp_cron=1604366297.5825750827789306640625" "WordPress/5.5.3; https://almernaluxury.de" "-"
185.191.171.0 - - [03/Nov/2020:02:25:04 +0100] "GET /robots.txt HTTP/1.1" 200 67 almernaluxury.de "-" "Mozilla/5.0 (compatible; SemrushBot/6~bl; +http://www.semrush.com/bot.html)" "-"
82.165.87.0 - - [03/Nov/2020:02:25:06 +0100] "POST /wp-cron.php?doing_wp_cron=1604366706.9451370239257812500000 HTTP/1.1" 200 - almernaluxury.de "https://almernaluxury.de/wp-cron.php?doing_wp_cron=1604366706.9451370239257812500000" "WordPress/5.5.3; https://almernaluxury.de" "-"
